Versi├│n de MSBuild 18.0.11+c2435c3e0 para .NET
MSBUILD : error MSB1008: S├│lo puede especificarse un proyecto.
    L├¡nea de comandos completa: 'C:\Program Files\dotnet\sdk\10.0.103\MSBuild.dll -maxcpucount --verbosity:m -tlp:default=auto --target:rebuild build.binlog target -distributedlogger:Microsoft.DotNet.Cli.Commands.MSBuild.MSBuildLogger,C:\Program Files\dotnet\sdk\10.0.103\dotnet.dll*Microsoft.DotNet.Cli.Commands.MSBuild.MSBuildForwardingLogger,C:\Program Files\dotnet\sdk\10.0.103\dotnet.dll'
  Modificadores anexados por archivos de respuesta: 
Modificador: target

Para modificar la sintaxis, escriba "MSBuild -help"
