﻿  Determinando los proyectos que se van a restaurar...
  Todos los proyectos est├ín actualizados para la restauraci├│n.
  ObsidianArchitect.Domain -> C:\Users\ELFATHER\Downloads\ReservaCitas\backend\src\ObsidianArchitect.Domain\bin\Debug\net10.0\ObsidianArchitect.Domain.dll
C:\Users\ELFATHER\Downloads\ReservaCitas\backend\src\ObsidianArchitect.Application\Services\AuthService.cs(30,28): error CS0103: El nombre 'BCrypt' no existe en el contexto actual [C:\Users\ELFATHER\Downloads\ReservaCitas\backend\src\ObsidianArchitect.Application\ObsidianArchitect.Application.csproj]
C:\Users\ELFATHER\Downloads\ReservaCitas\backend\src\ObsidianArchitect.Application\Services\AuthService.cs(60,33): error CS0103: El nombre 'BCrypt' no existe en el contexto actual [C:\Users\ELFATHER\Downloads\ReservaCitas\backend\src\ObsidianArchitect.Application\ObsidianArchitect.Application.csproj]
C:\Users\ELFATHER\Downloads\ReservaCitas\backend\src\ObsidianArchitect.Application\Services\AuthService.cs(63,14): warning CS8602: Desreferencia de una referencia posiblemente NULL. [C:\Users\ELFATHER\Downloads\ReservaCitas\backend\src\ObsidianArchitect.Application\ObsidianArchitect.Application.csproj]

ERROR al compilar.

C:\Users\ELFATHER\Downloads\ReservaCitas\backend\src\ObsidianArchitect.Application\Services\AuthService.cs(63,14): warning CS8602: Desreferencia de una referencia posiblemente NULL. [C:\Users\ELFATHER\Downloads\ReservaCitas\backend\src\ObsidianArchitect.Application\ObsidianArchitect.Application.csproj]
C:\Users\ELFATHER\Downloads\ReservaCitas\backend\src\ObsidianArchitect.Application\Services\AuthService.cs(30,28): error CS0103: El nombre 'BCrypt' no existe en el contexto actual [C:\Users\ELFATHER\Downloads\ReservaCitas\backend\src\ObsidianArchitect.Application\ObsidianArchitect.Application.csproj]
C:\Users\ELFATHER\Downloads\ReservaCitas\backend\src\ObsidianArchitect.Application\Services\AuthService.cs(60,33): error CS0103: El nombre 'BCrypt' no existe en el contexto actual [C:\Users\ELFATHER\Downloads\ReservaCitas\backend\src\ObsidianArchitect.Application\ObsidianArchitect.Application.csproj]
    1 Advertencia(s)
    2 Errores

Tiempo transcurrido 00:00:00.94
